<?xml version="1.0" encoding="UTF-8"?>
<TestRun id="6c8ecd31-faa1-4c2d-8ed2-a2382d662e91" name="EJEAJOS@E76431509D484F 2014-04-13 15:51:33" runUser="ERICSSON\EJEAJOS" xmlns="http://microsoft.com/schemas/VisualStudio/TeamTest/2010">
  <TestSettings name="Local" id="ec3d7df0-bd32-4fdb-a1dc-62042eae7c6d">
    <Description>These are default test settings for a local test run.</Description>
    <Deployment enabled="false" runDeploymentRoot="EJEAJOS_E76431509D484F 2014-04-13 15_51_33">
      <DeploymentItem filename="C:\Users\EJEAJOS\Documents\GitHub\EulerProject\EulerProject\bin\Debug\EulerProject.dll" />
    </Deployment>
    <Execution>
      <TestTypeSpecific />
      <AgentRule name="Execution Agents">
      </AgentRule>
    </Execution>
  </TestSettings>
  <Times creation="2014-04-13T15:51:33.1462696-07:00" queuing="2014-04-13T15:51:35.9364291-07:00" start="2014-04-13T15:51:36.4064560-07:00" finish="2014-04-13T15:51:47.4600883-07:00" />
  <ResultSummary outcome="Error">
    <Counters total="1" executed="1" error="0" failed="0" timeout="0" aborted="1" inconclusive="0" passedButRunAborted="0" notRunnable="0" notExecuted="0" disconnected="0" warning="0" passed="0" completed="0" inProgress="0" pending="0" />
    <RunInfos>
      <RunInfo computerName="E76431509D484F" outcome="Error" timestamp="2014-04-13T15:51:47.4550880-07:00">
        <Text>Test host process exited unexpectedly.</Text>
      </RunInfo>
    </RunInfos>
  </ResultSummary>
  <TestDefinitions>
    <UnitTest name="SumEvenFibonacciNumbers_BelowHundred_Test" storage="c:\users\ejeajos\documents\github\eulerproject\eulerprojecttest\bin\debug\eulerprojecttest.dll" id="1704ccca-9ca4-d6ed-0255-d2f53aa89a3b">
      <Execution id="6ac9e647-ea0f-40ee-8d0f-8b242addc36a" />
      <TestMethod codeBase="C:/Users/EJEAJOS/Documents/GitHub/EulerProject/EulerProjectTest/bin/Debug/EulerProjectTest.DLL" adapterTypeName="Microsoft.VisualStudio.TestTools.TestTypes.Unit.UnitTestAdapter, Microsoft.VisualStudio.QualityTools.Tips.UnitTest.Adapter, Version=10.0.0.0, Culture=neutral, PublicKeyToken=b03f5f7f11d50a3a" className="EulerProjectTest.Problem2Test, EulerProjectTest, Version=1.0.0.0, Culture=neutral, PublicKeyToken=null" name="SumEvenFibonacciNumbers_BelowHundred_Test" />
    </UnitTest>
  </TestDefinitions>
  <TestLists>
    <TestList name="Results Not in a List" id="8c84fa94-04c1-424b-9868-57a2d4851a1d" />
    <TestList name="All Loaded Results" id="19431567-8539-422a-85d7-44ee4e166bda" />
  </TestLists>
  <TestEntries>
    <TestEntry testId="1704ccca-9ca4-d6ed-0255-d2f53aa89a3b" executionId="6ac9e647-ea0f-40ee-8d0f-8b242addc36a" testListId="8c84fa94-04c1-424b-9868-57a2d4851a1d" />
  </TestEntries>
  <Results>
    <UnitTestResult executionId="6ac9e647-ea0f-40ee-8d0f-8b242addc36a" testId="1704ccca-9ca4-d6ed-0255-d2f53aa89a3b" testName="SumEvenFibonacciNumbers_BelowHundred_Test" computerName="E76431509D484F" duration="00:00:10.5346026" startTime="2014-04-13T15:51:36.9254857-07:00" endTime="2014-04-13T15:51:47.4600883-07:00" testType="13cdc9d9-ddb5-4fa4-a97d-d965ccfc6d4b" outcome="Aborted" testListId="8c84fa94-04c1-424b-9868-57a2d4851a1d" relativeResultsDirectory="6ac9e647-ea0f-40ee-8d0f-8b242addc36a">
    </UnitTestResult>
  </Results>
</TestRun>