<?xml version="1.0" encoding="UTF-8"?>
<TestRun id="abd14d51-5546-4109-bf06-c97347c001c2" name="EJEAJOS@E76431509D484F 2014-04-13 14:50:53" runUser="ERICSSON\EJEAJOS" xmlns="http://microsoft.com/schemas/VisualStudio/TeamTest/2010">
  <TestSettings name="Local" id="ec3d7df0-bd32-4fdb-a1dc-62042eae7c6d">
    <Description>These are default test settings for a local test run.</Description>
    <Deployment enabled="false" runDeploymentRoot="EJEAJOS_E76431509D484F 2014-04-13 14_50_53">
      <DeploymentItem filename="C:\Users\EJEAJOS\Documents\GitHub\EulerProject\EulerProject\bin\Debug\EulerProject.dll" />
    </Deployment>
    <Execution>
      <TestTypeSpecific />
      <AgentRule name="Execution Agents">
      </AgentRule>
    </Execution>
  </TestSettings>
  <Times creation="2014-04-13T14:50:53.3024752-07:00" queuing="2014-04-13T14:50:53.3364772-07:00" start="2014-04-13T14:50:53.3714792-07:00" finish="2014-04-13T14:50:54.0495179-07:00" />
  <ResultSummary outcome="Failed">
    <Counters total="1" executed="1" error="0" failed="1" timeout="0" aborted="0" inconclusive="0" passedButRunAborted="0" notRunnable="0" notExecuted="0" disconnected="0" warning="0" passed="0" completed="0" inProgress="0" pending="0" />
  </ResultSummary>
  <TestDefinitions>
    <UnitTest name="SumMultiplesTest_Below10" storage="c:\users\ejeajos\documents\github\eulerproject\eulerprojecttest\bin\debug\eulerprojecttest.dll" id="e9e31b35-6659-e401-2314-39e202dd26e0">
      <Execution id="fcf4374e-2ae0-4c8c-934a-4de1e56acd11" />
      <TestMethod codeBase="C:/Users/EJEAJOS/Documents/GitHub/EulerProject/EulerProjectTest/bin/Debug/EulerProjectTest.DLL" adapterTypeName="Microsoft.VisualStudio.TestTools.TestTypes.Unit.UnitTestAdapter, Microsoft.VisualStudio.QualityTools.Tips.UnitTest.Adapter, Version=10.0.0.0, Culture=neutral, PublicKeyToken=b03f5f7f11d50a3a" className="EulerProjectTest.Problem1Test, EulerProjectTest, Version=1.0.0.0, Culture=neutral, PublicKeyToken=null" name="SumMultiplesTest_Below10" />
    </UnitTest>
  </TestDefinitions>
  <TestLists>
    <TestList name="Results Not in a List" id="8c84fa94-04c1-424b-9868-57a2d4851a1d" />
    <TestList name="All Loaded Results" id="19431567-8539-422a-85d7-44ee4e166bda" />
  </TestLists>
  <TestEntries>
    <TestEntry testId="e9e31b35-6659-e401-2314-39e202dd26e0" executionId="fcf4374e-2ae0-4c8c-934a-4de1e56acd11" testListId="8c84fa94-04c1-424b-9868-57a2d4851a1d" />
  </TestEntries>
  <Results>
    <UnitTestResult executionId="fcf4374e-2ae0-4c8c-934a-4de1e56acd11" testId="e9e31b35-6659-e401-2314-39e202dd26e0" testName="SumMultiplesTest_Below10" computerName="E76431509D484F" duration="00:00:00.0768360" startTime="2014-04-13T14:50:53.3804797-07:00" endTime="2014-04-13T14:50:54.0065155-07:00" testType="13cdc9d9-ddb5-4fa4-a97d-d965ccfc6d4b" outcome="Failed" testListId="8c84fa94-04c1-424b-9868-57a2d4851a1d" relativeResultsDirectory="fcf4374e-2ae0-4c8c-934a-4de1e56acd11">
      <Output>
        <ErrorInfo>
          <Message>Assert.AreEqual failed. Expected:&lt;23&gt;. Actual:&lt;9&gt;. </Message>
          <StackTrace>   at EulerProjectTest.Problem1Test.SumMultiplesTest_Below10() in C:\Users\EJEAJOS\Documents\GitHub\EulerProject\EulerProjectTest\Problem1Test.cs:line 32
</StackTrace>
        </ErrorInfo>
      </Output>
    </UnitTestResult>
  </Results>
</TestRun>